Daily update - Fri Feb 27 17:13:30 UTC 2026
Daily update - Sat Feb 28 04:06:49 UTC 2026
Daily update - Sun Mar  1 04:34:21 UTC 2026
Daily update - Mon Mar  2 04:26:52 UTC 2026
Daily update - Tue Mar  3 04:26:36 UTC 2026
Daily update - Wed Mar  4 04:20:23 UTC 2026
Daily update - Thu Mar  5 04:24:21 UTC 2026
Daily update - Fri Mar  6 04:20:22 UTC 2026
Daily update - Sat Mar  7 04:12:17 UTC 2026
Daily update - Sun Mar  8 04:24:11 UTC 2026
Daily update - Mon Mar  9 04:30:12 UTC 2026
Daily update - Tue Mar 10 04:22:00 UTC 2026
Daily update - Wed Mar 11 04:22:06 UTC 2026
Daily update - Thu Mar 12 04:25:54 UTC 2026
Daily update - Fri Mar 13 04:24:33 UTC 2026
Daily update - Sat Mar 14 04:22:25 UTC 2026
Daily update - Sun Mar 15 04:55:00 UTC 2026
Daily update - Mon Mar 16 05:04:18 UTC 2026
Daily update - Tue Mar 17 04:30:01 UTC 2026
Daily update - Wed Mar 18 04:35:26 UTC 2026
Daily update - Thu Mar 19 04:34:06 UTC 2026
Daily update - Fri Mar 20 04:25:52 UTC 2026
Daily update - Sat Mar 21 04:17:03 UTC 2026
Daily update - Sun Mar 22 04:32:45 UTC 2026
Daily update - Mon Mar 23 04:41:00 UTC 2026
Daily update - Tue Mar 24 04:30:55 UTC 2026
Daily update - Wed Mar 25 04:32:45 UTC 2026
Daily update - Thu Mar 26 04:55:37 UTC 2026
Daily update - Fri Mar 27 04:56:23 UTC 2026
Daily update - Sat Mar 28 04:32:44 UTC 2026
Daily update - Sun Mar 29 04:59:35 UTC 2026
Daily update - Mon Mar 30 05:11:17 UTC 2026
Daily update - Tue Mar 31 04:59:02 UTC 2026
Daily update - Wed Apr  1 05:11:59 UTC 2026
Daily update - Thu Apr  2 04:41:13 UTC 2026
Daily update - Fri Apr  3 04:42:31 UTC 2026
Daily update - Sat Apr  4 04:29:59 UTC 2026
Daily update - Sun Apr  5 05:00:17 UTC 2026
Daily update - Mon Apr  6 05:10:30 UTC 2026
Daily update - Tue Apr  7 04:57:57 UTC 2026
Daily update - Wed Apr  8 05:00:01 UTC 2026
Daily update - Thu Apr  9 04:57:26 UTC 2026
Daily update - Fri Apr 10 05:12:07 UTC 2026
Daily update - Sat Apr 11 04:33:21 UTC 2026
Daily update - Sun Apr 12 05:11:02 UTC 2026
Daily update - Mon Apr 13 05:27:15 UTC 2026
Daily update - Tue Apr 14 05:10:20 UTC 2026
Daily update - Wed Apr 15 05:10:51 UTC 2026
Daily update - Thu Apr 16 05:16:36 UTC 2026
Daily update - Fri Apr 17 05:15:20 UTC 2026
Daily update - Sat Apr 18 04:55:38 UTC 2026
Daily update - Sun Apr 19 05:15:11 UTC 2026
Daily update - Mon Apr 20 05:25:41 UTC 2026
Daily update - Tue Apr 21 05:14:12 UTC 2026
Daily update - Wed Apr 22 05:12:25 UTC 2026
Daily update - Thu Apr 23 05:15:33 UTC 2026
Daily update - Fri Apr 24 05:21:27 UTC 2026
Daily update - Sat Apr 25 04:59:44 UTC 2026
Daily update - Sun Apr 26 05:24:48 UTC 2026
Daily update - Mon Apr 27 05:38:59 UTC 2026
Daily update - Tue Apr 28 05:44:21 UTC 2026
Daily update - Wed Apr 29 05:39:49 UTC 2026
Daily update - Thu Apr 30 05:44:09 UTC 2026
Daily update - Fri May  1 05:54:12 UTC 2026
Daily update - Sat May  2 05:23:08 UTC 2026
Daily update - Sun May  3 05:43:26 UTC 2026
Daily update - Mon May  4 05:49:11 UTC 2026
Daily update - Tue May  5 05:27:41 UTC 2026
Daily update - Wed May  6 05:43:14 UTC 2026
Daily update - Thu May  7 05:45:55 UTC 2026
Daily update - Fri May  8 05:16:29 UTC 2026
Daily update - Sat May  9 05:34:48 UTC 2026
Daily update - Sun May 10 05:49:43 UTC 2026
Daily update - Mon May 11 06:22:12 UTC 2026
Daily update - Tue May 12 05:52:23 UTC 2026
Daily update - Wed May 13 06:02:43 UTC 2026
Daily update - Thu May 14 06:01:59 UTC 2026
Daily update - Fri May 15 06:08:57 UTC 2026
Daily update - Sat May 16 05:40:13 UTC 2026
Daily update - Sun May 17 06:01:17 UTC 2026
Daily update - Mon May 18 06:37:55 UTC 2026
Daily update - Tue May 19 06:32:25 UTC 2026
Daily update - Wed May 20 06:32:25 UTC 2026
Daily update - Thu May 21 06:34:11 UTC 2026
Daily update - Fri May 22 06:31:51 UTC 2026
Daily update - Sat May 23 05:52:46 UTC 2026
Daily update - Sun May 24 06:21:55 UTC 2026
Daily update - Mon May 25 06:52:23 UTC 2026
Daily update - Tue May 26 06:31:19 UTC 2026
Daily update - Wed May 27 06:45:42 UTC 2026
Daily update - Thu May 28 06:36:36 UTC 2026
Daily update - Fri May 29 06:38:20 UTC 2026
Daily update - Sat May 30 06:00:54 UTC 2026
Daily update - Sun May 31 06:40:45 UTC 2026
Daily update - Mon Jun  1 07:29:31 UTC 2026
Daily update - Tue Jun  2 07:08:31 UTC 2026
Daily update - Wed Jun  3 07:22:58 UTC 2026
Daily update - Thu Jun  4 07:06:48 UTC 2026
Daily update - Fri Jun  5 06:49:34 UTC 2026
Daily update - Sat Jun  6 06:07:27 UTC 2026
Daily update - Sun Jun  7 06:48:13 UTC 2026
Daily update - Mon Jun  8 07:13:47 UTC 2026
Daily update - Tue Jun  9 06:32:36 UTC 2026
Daily update - Wed Jun 10 06:48:47 UTC 2026
Daily update - Thu Jun 11 07:15:09 UTC 2026
Daily update - Fri Jun 12 07:04:50 UTC 2026
Daily update - Sat Jun 13 06:37:52 UTC 2026
Daily update - Sun Jun 14 07:06:59 UTC 2026
Daily update - Mon Jun 15 08:36:44 UTC 2026
Daily update - Tue Jun 16 08:29:53 UTC 2026
Daily update - Wed Jun 17 07:35:26 UTC 2026
Daily update - Thu Jun 18 07:16:34 UTC 2026
Daily update - Fri Jun 19 07:40:03 UTC 2026
Daily update - Sat Jun 20 06:45:45 UTC 2026
Daily update - Sun Jun 21 07:16:32 UTC 2026
Daily update - Mon Jun 22 08:40:10 UTC 2026
Daily update - Tue Jun 23 06:32:00 UTC 2026
Daily update - Wed Jun 24 06:29:12 UTC 2026
Daily update - Thu Jun 25 06:31:58 UTC 2026
Daily update - Fri Jun 26 06:35:44 UTC 2026
Daily update - Sat Jun 27 06:07:59 UTC 2026
Daily update - Sun Jun 28 06:43:54 UTC 2026
Daily update - Mon Jun 29 07:12:29 UTC 2026
Daily update - Tue Jun 30 06:38:13 UTC 2026
Daily update - Wed Jul  1 06:51:48 UTC 2026
Daily update - Thu Jul  2 06:22:57 UTC 2026
Daily update - Fri Jul  3 06:09:03 UTC 2026
Daily update - Sat Jul  4 05:59:14 UTC 2026
Daily update - Sun Jul  5 06:24:13 UTC 2026
Daily update - Mon Jul  6 06:52:21 UTC 2026
Daily update - Tue Jul  7 06:29:26 UTC 2026
Daily update - Wed Jul  8 05:36:32 UTC 2026
Daily update - Thu Jul  9 06:26:48 UTC 2026
Daily update - Fri Jul 10 06:25:50 UTC 2026
Daily update - Sat Jul 11 05:26:09 UTC 2026
Daily update - Sun Jul 12 05:42:03 UTC 2026
Daily update - Mon Jul 13 05:52:37 UTC 2026
Daily update - Tue Jul 14 05:14:07 UTC 2026
Daily update - Wed Jul 15 05:14:50 UTC 2026
Daily update - Thu Jul 16 05:24:43 UTC 2026
Daily update - Fri Jul 17 05:26:42 UTC 2026
Daily update - Sat Jul 18 05:09:03 UTC 2026
Daily update - Sun Jul 19 05:36:24 UTC 2026
Daily update - Mon Jul 20 05:53:39 UTC 2026
Daily update - Tue Jul 21 05:35:28 UTC 2026
Daily update - Wed Jul 22 05:33:57 UTC 2026
Daily update - Thu Jul 23 05:38:59 UTC 2026
Daily update - Fri Jul 24 05:35:19 UTC 2026
Daily update - Sat Jul 25 05:28:54 UTC 2026
Daily update - Sun Jul 26 05:45:21 UTC 2026
Daily update - Mon Jul 27 06:04:29 UTC 2026
Daily update - Tue Jul 28 05:31:08 UTC 2026
Daily update - Wed Jul 29 05:36:40 UTC 2026
Daily update - Thu Jul 30 05:23:55 UTC 2026
Daily update - Fri Jul 31 05:50:15 UTC 2026
Daily update - Sat Aug  1 05:40:47 UTC 2026
Daily update - Sun Aug  2 05:41:05 UTC 2026
Daily update - Mon Aug  3 05:57:09 UTC 2026
Daily update - Tue Aug  4 05:31:31 UTC 2026
Daily update - Wed Aug  5 05:30:41 UTC 2026
Daily update - Thu Aug  6 05:33:19 UTC 2026
Daily update - Fri Aug  7 04:36:01 UTC 2026
Daily update - Sat Aug  8 03:51:05 UTC 2026
Daily update - Sun Aug  9 03:59:49 UTC 2026
Daily update - Mon Aug 10 04:13:43 UTC 2026
Daily update - Tue Aug 11 04:01:24 UTC 2026
Daily update - Wed Aug 12 04:23:03 UTC 2026
Daily update - Thu Aug 13 04:26:15 UTC 2026
Daily update - Fri Aug 14 04:23:24 UTC 2026
Daily update - Sat Aug 15 03:18:35 UTC 2026
Daily update - Sun Aug 16 03:27:14 UTC 2026
Daily update - Mon Aug 17 03:27:29 UTC 2026
Daily update - Tue Aug 18 03:23:15 UTC 2026
